In this document, I have the steps to configure your windows local environment with cloud sdk 
I start by running gcloud init.  It showed that it is pointing to my previous gcp trial account.
So, I remove those extra accounts from local and then ran 
gcloud auth application-default login again and it added the APPLICATION_DEFAULT_CREDENTIALS into the standard windows
application roadming gcloud google application credentials.json file 


C:\pk\gcp\genai\cloudrun>gcloud auth list
       Credentialed Accounts
ACTIVE  ACCOUNT
        admin@learngcp.xyz
        gcpadmin@ilearngcp.xyz
        john@pkgcp.uk
        k.p@gmail.com
        pkd.01@gmail.com
        pkd.03@gmail.com
        pkd.05@gmail.com
*       pkd.06@gmail.com

To set the active account, run:
    $ gcloud config set account `ACCOUNT`

step 1: gcloud init 
step 2: 




C:\pk\gcp\genai\cloudrun>gcloud init
Welcome! This command will take you through the configuration of gcloud.

Settings from your current configuration [default] are:
accessibility:
  screen_reader: 'False'
core:
  account: pkdeltaai.05@gmail.com
  disable_usage_reporting: 'True'
  project: pkdeltaai-05

Pick configuration to use:
 [1] Re-initialize this configuration [default] with new settings
 [2] Create a new configuration
Please enter your numeric choice:  2

Enter configuration name. Names start with a lower case letter and contain only lower case letters a-z, digits 0-9, and
hyphens '-':  pkdeltaai-06
Your current configuration has been set to: [pkdeltaai-06]

You can skip diagnostics next time by using the following flag:
  gcloud init --skip-diagnostics

Network diagnostic detects and fixes local network connection issues.
Checking network connection...done.
Reachability Check passed.
Network diagnostic passed (1/1 checks passed).

Choose the account you would like to use to perform operations for this configuration:
 [1] adm@lrngcp.xyz
 [2] gcpadm@ilrngcp.xyz
 [3] jon@pkgcp.uk
 [4] k.p@gmail.com
 [5] pkd.01@gmail.com
 [6] pkd.03@gmail.com
 [7] pkd.05@gmail.com
 [8] Log in with a new account
Please enter your numeric choice:  8

Your browser has been opened to visit:

    https://accounts.google.com/o/oauth2/auth?response_type=code&clien

Updates are available for some Google Cloud CLI components.  To install them,
please run:
  $ gcloud components update



To take a quick anonymous survey, run:
  $ gcloud survey

You are logged in as: [pkdeltaai.06@gmail.com].

Pick cloud project to use:
 [1] healthy-matter-430512-h4
 [2] pkdeltaai-06
 [3] pkterraform
 [4] Enter a project ID
 [5] Create a new project
Please enter numeric choice or text value (must exactly match list item):
Please enter a value between 1 and 5, or a value present in the list:  2

Your current project has been set to: [pkdeltaai-06].

Do you want to configure a default Compute Region and Zone? (Y/n)?  n

Your Google Cloud SDK is configured and ready to use!

* Commands that require authentication will use pkdeltaai.06@gmail.com by default
* Commands will reference project `pkdeltaai-06` by default
Run `gcloud help config` to learn how to change individual settings

This gcloud configuration is called [pkdeltaai-06]. You can create additional configurations if you work with multiple accounts and/or projects.
Run `gcloud topic configurations` to learn more.

Some things to try next:

* Run `gcloud --help` to see the Cloud Platform services you can interact with. And run `gcloud help COMMAND` to get help on any gcloud command.
* Run `gcloud topic --help` to learn about advanced features of the SDK like arg files and output formatting
* Run `gcloud cheat-sheet` to see a roster of go-to `gcloud` commands.

C:\pk\gcp\genai\cloudrun>
C:\pk\gcp\genai\cloudrun>
C:\pk\gcp\genai\cloudrun>gcloud auth list
       Credentialed Accounts
ACTIVE  ACCOUNT
        admin@lrngcp.xyz
        gcpadmin@ilrngcp.xyz
        john@pkgcp.uk
        k.p@gmail.com
        pkd.01@gmail.com
        pkdi.03@gmail.com
        pkd.05@gmail.com
*       pkd.06@gmail.com

To set the active account, run:
    $ gcloud config set account `ACCOUNT`


C:\pk\gcp\genai\cloudrun>gcloud auth remove pkdeltaai.03@gmail.com
ERROR: (gcloud.auth) Invalid choice: 'remove'.
Maybe you meant:
  gcloud auth activate-service-account
  gcloud auth configure-docker
  gcloud auth list
  gcloud auth login
  gcloud auth print-access-token
  gcloud auth print-identity-token
  gcloud auth revoke

To search the help text of gcloud commands, run:
  gcloud help -- SEARCH_TERMS

C:\pk\gcp\genai\cloudrun>gcloud auth revoke pkdeltaai.03@gmail.com
WARNING: [pkdeltaai.03@gmail.com] already inactive (previously revoked?)
Revoked credentials:
 - pkdeltaai.03@gmail.com
       Credentialed Accounts
ACTIVE  ACCOUNT
        adm@lrngcp.xyz
        gcpadm@ilrngcp.xyz
        john@pkgcp.uk
        k.p@gmail.com
        pkd.01@gmail.com
        pkd.05@gmail.com
*       pkd.06@gmail.com

C:\pk\gcp\genai\cloudrun>gcloud auth revoke pkdeltaai.04@gmail.com
ERROR: (gcloud.auth.revoke) Unknown value for [accounts]: pkdeltaai.04@gmail.com

C:\pk\gcp\genai\cloudrun>gcloud auth revoke pkdeltaai.05@gmail.com
WARNING: You also have Application Default Credentials (ADC) set up. If you want to revoke your Application Default Credentials as well, use the `gcloud auth application-default revoke` command.

For information about ADC credentials and gcloud CLI credentials, see https://cloud.google.com/docs/authentication/external/credential-types

Revoked credentials:
 - pkd.05@gmail.com
       Credentialed Accounts
ACTIVE  ACCOUNT
        admi@lrngcp.xyz
        gcpadm@ilrngcp.xyz
        john@pkgcp.uk
        k.p@gmail.com
        pkd.01@gmail.com
*       pkd.06@gmail.com

C:\pk\gcp\genai\cloudrun>gcloud auth application-default revoke
You are about to revoke the credentials stored in:
[C:\Users\Pradeep\AppData\Roaming\gcloud\application_default_credentials.json]

Do you want to continue (Y/n)?  Y

Credentials revoked.

C:\pk\gcp\genai\cloudrun>gcloud auth revoke pkdeltaai.05@gmail.com
ERROR: (gcloud.auth.revoke) Unknown value for [accounts]: pkdeltaai.05@gmail.com

C:\pk\gcp\genai\cloudrun>gcloud auth list
       Credentialed Accounts
ACTIVE  ACCOUNT
        adm@lrngcp.xyz
        gcpadm@ilrngcp.xyz
        john@pkgcp.uk
        k.p@gmail.com
        pkd.01@gmail.com
*       pkd.06@gmail.com

To set the active account, run:
    $ gcloud config set account `ACCOUNT`


C:\pk\gcp\genai\cloudrun>
C:\pk\gcp\genai\cloudrun>gsutil ls://
CommandException: Invalid command "ls://".

C:\pk\gcp\genai\cloudrun>gsutil ls
gs://bkt-cloudrun-gemma2-2b/
gs://bkt1/
gs://bkt2/
gs://bkt3/
gs://bkt4/
gs://pk-logs-bucket/

C:\pk\gcp\genai\cloudrun>gcloud auth application-default login

The environment variable [GOOGLE_APPLICATION_CREDENTIALS] is set to:
  [C:\Users\Pradeep\AppData\Roaming\gcloud\application_default_credentials.json]
Credentials will still be generated to the default location:
  [C:\Users\Pradeep\AppData\Roaming\gcloud\application_default_credentials.json]
To use these credentials, unset this environment variable before
running your application.

Do you want to continue (Y/n)?  Y

Your browser has been opened to visit:

    https://accounts.google.com/o/oauth2/auth?response_type=code&client_id=76408605185


Credentials saved to file: [C:\Users\Pradeep\AppData\Roaming\gcloud\application_default_credentials.json]

These credentials will be used by any library that requests Application Default Credentials (ADC).

Quota project "pkdeltaai-06" was added to ADC which can be used by Google client libraries for billing and quota. Note that some services may still bill the project owning the resource.
